// Jest Snapshot v1, https://goo.gl/fbAQLP

exports[`Calculator component renders correctly 1`] = `
<div
  className="home-wrap"
>
  <h2
    className="home-header"
  >
    Welcome to our Home Page!
  </h2>
  <p
    className="home-para"
  >
    Lorem ipsum dolor, sit amet consectetur adipisicing elit. Eos quod sit quos corporis laboriosam cupiditate omnis dignissimos, explicabo, voluptatum similique laudantium praesentium tempore. Recusandae culpa eos eius, sed ab quibusdam. Lorem ipsum dolor sit amet consectetur adipisicing elit. Libero corrupti ipsum, asperiores sed nihil reprehenderit officia harum earum recusandae nobis provident. Modi facere repellat fugiat quisquam quos tempore tempora aspernatur.
  </p>
  <p
    className="home-para"
  >
    Lorem ipsum dolor, sit amet consectetur adipisicing elit. Eos quod sit quos corporis laboriosam cupiditate omnis dignissimos, explicabo, voluptatum similique laudantium praesentium tempore. Recusandae culpa eos eius, sed ab quibusdam. Lorem ipsum dolor sit amet consectetur adipisicing elit. Libero corrupti ipsum, asperiores sed nihil reprehenderit officia harum earum recusandae nobis provident. Modi facere repellat fugiat quisquam quos tempore tempora aspernatur.
  </p>
</div>
`;
